// Jest Snapshot v1, https://goo.gl/fbAQLP

exports[`start command displays "Select platform" message 1`] = `
"? Select platform to bundle for (Use arrow keys)
‚ùØ macos - Serves MacOS bundle 
  windows - Serves Windows bundle 
  linux - Serves Linux bundle 
  ios - Serves iOS bundle 
  android - Serves Android bundle 
  all - Serves all platforms"
`;
